ast login: Fri Dec 26 17:15:36 on console
Restored session: Fri Dec 26 16:54:16 EST 2025
mike1macbook@Mike-14-M1-Pro ~ % 
  [Restored Jan 1, 2026 at 10:03:53]
Last login: Thu Jan  1 09:41:05 on console
Restored session: Fri Dec 26 17:28:23 EST 2025
mike1macbook@Mike-14-M1-Pro ~ % checkaudio
Checking for rogue HAL audio drivers...
âœ… No rogue audio drivers found. FaceTime safe to use!
mike1macbook@Mike-14-M1-Pro ~ % npm install -g wrangler

added 47 packages in 19s

9 packages are looking for funding
  run `npm fund` for details
npm notice
npm notice New major version of npm available! 10.8.2 -> 11.7.0
npm notice Changelog: https://github.com/npm/cli/releases/tag/v11.7.0
npm notice To update run: npm install -g npm@11.7.0
npm notice
mike1macbook@Mike-14-M1-Pro ~ % npm install -g wrangler
wrangler login
cd path/to/cloudflare-worker
wrangler deploy
wrangler secret put OPENAI_API_KEY

changed 47 packages in 6s

9 packages are looking for funding
  run `npm fund` for details

 â›…ï¸ wrangler 4.54.0
â”€â”€â”€â”€â”€â”€â”€â”€â”€â”€â”€â”€â”€â”€â”€â”€â”€â”€â”€
Attempting to login via OAuth...
Opening a link in your default browser: https://dash.cloudflare.com/oauth2/auth?response_type=code&client_id=54d11594-84e4-41aa-b438-e81b8fa78ee7&redirect_uri=http%3A%2F%2Flocalhost%3A8976%2Foauth%2Fcallback&scope=account%3Aread%20user%3Aread%20workers%3Awrite%20workers_kv%3Awrite%20workers_routes%3Awrite%20workers_scripts%3Awrite%20workers_tail%3Aread%20d1%3Awrite%20pages%3Awrite%20zone%3Aread%20ssl_certs%3Awrite%20ai%3Awrite%20queues%3Awrite%20pipelines%3Awrite%20secrets_store%3Awrite%20containers%3Awrite%20cloudchamber%3Awrite%20connectivity%3Aadmin%20offline_access&state=SYDGUjUZTnTi~0H-Lfagdb6YH170aTaN&code_challenge=kLS73D75BkzrIW4n4fFr7cwSm7k_h1TG5kTdG59Eiz4&code_challenge_method=S256
Successfully logged in.
cd: no such file or directory: path/to/cloudflare-worker

Cloudflare collects anonymous telemetry about your usage of Wrangler. Learn more at https://github.com/cloudflare/workers-sdk/tree/main/packages/wrangler/telemetry.md

 â›…ï¸ wrangler 4.54.0
â”€â”€â”€â”€â”€â”€â”€â”€â”€â”€â”€â”€â”€â”€â”€â”€â”€â”€â”€

âœ˜ [ERROR] Missing entry-point to Worker script or to assets directory

  
  If there is code to deploy, you can either:
  - Specify an entry-point to your Worker script via the command line (ex: `npx
  wrangler deploy src/index.ts`)
  - Or create a "wrangler.jsonc" file containing:
  
  ```
  {
    "name": "worker-name",
    "compatibility_date": "2026-01-01",
    "main": "src/index.ts"
  }
  ```
  
  
  If are uploading a directory of assets, you can either:
  - Specify the path to the directory of assets via the command line: (ex: `npx
  wrangler deploy --assets=./dist`)
  - Or create a "wrangler.jsonc" file containing:
  
  ```
  {
    "name": "worker-name",
    "compatibility_date": "2026-01-01",
    "assets": {
      "directory": "./dist"
    }
  }
  ```
  


ğŸªµ  Logs were written to "/Users/mike1macbook/Library/Preferences/.wrangler/logs/wrangler-2026-01-01_15-06-49_813.log"

 â›…ï¸ wrangler 4.54.0
â”€â”€â”€â”€â”€â”€â”€â”€â”€â”€â”€â”€â”€â”€â”€â”€â”€â”€â”€

âœ˜ [ERROR] Required Worker name missing. Please specify the Worker name in your Wrangler configuration file, or pass it as an argument with `--name <worker-name>`


ğŸªµ  Logs were written to "/Users/mike1macbook/Library/Preferences/.wrangler/logs/wrangler-2026-01-01_15-06-50_604.log"
mike1macbook@Mike-14-M1-Pro ~ % cd ~/Downloads/cloudflare-worker
wrangler deploy

 â›…ï¸ wrangler 4.54.0
â”€â”€â”€â”€â”€â”€â”€â”€â”€â”€â”€â”€â”€â”€â”€â”€â”€â”€â”€
Total Upload: 14.16 KiB / gzip: 3.92 KiB
Uploaded az104-study-api (3.48 sec)
â–² [WARNING] You need to register a workers.dev subdomain before publishing to workers.dev


âœ” Would you like to register a workers.dev subdomain now? â€¦ yes
âœ” What would you like your workers.dev subdomain to be? It will be accessible at https://<subdomain>.workers.dev â€¦ azure-hub
âœ” Creating a workers.dev subdomain for your account at https://azure-hub.workers.dev. Ok to proceed? â€¦ yes
Success! It may take a few minutes for DNS records to update.
Visit https://dash.cloudflare.com/785847b7773133d7cdd8e487c3e0514d/workers/subdomain to edit your workers.dev subdomain
Deployed az104-study-api triggers (116.53 sec)
  https://az104-study-api.azure-hub.workers.dev
Current Version ID: 85fae6f4-7eb4-4515-9b90-c9708cb2f88d
mike1macbook@Mike-14-M1-Pro cloudflare-worker % wrangler secret put OPENAI_API_KEY

 â›…ï¸ wrangler 4.54.0
â”€â”€â”€â”€â”€â”€â”€â”€â”€â”€â”€â”€â”€â”€â”€â”€â”€â”€â”€
âœ” Enter a secret value: â€¦ ********************************************************************************************************************************************************************
ğŸŒ€ Creating the secret for the Worker "az104-study-api" 
âœ¨ Success! Uploaded secret OPENAI_API_KEY
mike1macbook@Mike-14-M1-Pro cloudflare-worker % wrangler secret put OPENAI_API_KEY

 â›…ï¸ wrangler 4.54.0
â”€â”€â”€â”€â”€â”€â”€â”€â”€â”€â”€â”€â”€â”€â”€â”€â”€â”€â”€
âœ” Enter a secret value: â€¦ ********************************************************************************************************************************************************************
ğŸŒ€ Creating the secret for the Worker "az104-study-api" 
âœ¨ Success! Uploaded secret OPENAI_API_KEY
mike1macbook@Mike-14-M1-Pro cloudflare-worker % cd cloudflare-worker

# 1. Login to Cloudflare
wrangler login

# 2. Create the D1 database
wrangler d1 create az104-study-db

# 3. Copy the database_id from output and update wrangler.toml

# 4. Create the table
wrangler d1 execute az104-study-db --file=schema.sql

# 5. Set your OpenAI API key
wrangler secret put OPENAI_API_KEY

# 6. Deploy
wrangler deploy
cd: no such file or directory: cloudflare-worker
zsh: command not found: #

 â›…ï¸ wrangler 4.54.0
â”€â”€â”€â”€â”€â”€â”€â”€â”€â”€â”€â”€â”€â”€â”€â”€â”€â”€â”€
Attempting to login via OAuth...
Opening a link in your default browser: https://dash.cloudflare.com/oauth2/auth?response_type=code&client_id=54d11594-84e4-41aa-b438-e81b8fa78ee7&redirect_uri=http%3A%2F%2Flocalhost%3A8976%2Foauth%2Fcallback&scope=account%3Aread%20user%3Aread%20workers%3Awrite%20workers_kv%3Awrite%20workers_routes%3Awrite%20workers_scripts%3Awrite%20workers_tail%3Aread%20d1%3Awrite%20pages%3Awrite%20zone%3Aread%20ssl_certs%3Awrite%20ai%3Awrite%20queues%3Awrite%20pipelines%3Awrite%20secrets_store%3Awrite%20containers%3Awrite%20cloudchamber%3Awrite%20connectivity%3Aadmin%20offline_access&state=2RbJSZIk1a1Ym26mRd~Vxxxjtr1H8oI_&code_challenge=8uYwg7Eeo2EkwsN2xL-ta5OnGowxlEHpn51nMY4ty9A&code_challenge_method=S256
Successfully logged in.
zsh: command not found: #

 â›…ï¸ wrangler 4.54.0
â”€â”€â”€â”€â”€â”€â”€â”€â”€â”€â”€â”€â”€â”€â”€â”€â”€â”€â”€
âœ… Successfully created DB 'az104-study-db' in region ENAM
Created your new D1 database.

To access your new D1 Database in your Worker, add the following snippet to your configuration file:
[[d1_databases]]
binding = "az104_study_db"
database_name = "az104-study-db"
database_id = "e0b070ed-b17d-4ec3-9f8d-3c3b8d6115fc"

zsh: command not found: #
zsh: command not found: #

 â›…ï¸ wrangler 4.54.0
â”€â”€â”€â”€â”€â”€â”€â”€â”€â”€â”€â”€â”€â”€â”€â”€â”€â”€â”€
Resource location: local 

Use --remote if you want to access the remote instance.


âœ˜ [ERROR] Unable to read SQL text file "schema.sql". Please check the file path and try again.


ğŸªµ  Logs were written to "/Users/mike1macbook/Library/Preferences/.wrangler/logs/wrangler-2026-01-01_16-02-46_382.log"
zsh: command not found: #

 â›…ï¸ wrangler 4.54.0
â”€â”€â”€â”€â”€â”€â”€â”€â”€â”€â”€â”€â”€â”€â”€â”€â”€â”€â”€
âœ” Enter a secret value: â€¦ ********************************************************************************************************************************************************************
ğŸŒ€ Creating the secret for the Worker "az104-study-api" 
âœ¨ Success! Uploaded secret OPENAI_API_KEY
zsh: command not found: #

 â›…ï¸ wrangler 4.54.0
â”€â”€â”€â”€â”€â”€â”€â”€â”€â”€â”€â”€â”€â”€â”€â”€â”€â”€â”€
Total Upload: 14.16 KiB / gzip: 3.92 KiB
Uploaded az104-study-api (4.17 sec)
Deployed az104-study-api triggers (1.50 sec)
  https://az104-study-api.azure-hub.workers.dev
Current Version ID: 76d5a72e-c768-4149-a3f5-90393b37e4ff
mike1macbook@Mike-14-M1-Pro cloudflare-worker % 